Copyright 1986-2020 Xilinx, Inc. All Rights Reserved.
-----------------------------------------------------------------------------------------------------------------------------------------------------------------------------------------------------------
| Tool Version : Vivado v.2020.2 (win64) Build 3064766 Wed Nov 18 09:12:45 MST 2020
| Date         : Tue Jul  7 17:00:15 2026
| Host         : PC_de_Yassine running 64-bit major release  (build 9200)
| Command      : report_timing_summary -max_paths 10 -file counter_unit_timing_summary_routed.rpt -pb counter_unit_timing_summary_routed.pb -rpx counter_unit_timing_summary_routed.rpx -warn_on_violation
| Design       : counter_unit
| Device       : 7z010-clg400
| Speed File   : -1  PRODUCTION 1.12 2019-11-22
-----------------------------------------------------------------------------------------------------------------------------------------------------------------------------------------------------------

Timing Summary Report

------------------------------------------------------------------------------------------------
| Timer Settings
| --------------
------------------------------------------------------------------------------------------------

  Enable Multi Corner Analysis               :  Yes
  Enable Pessimism Removal                   :  Yes
  Pessimism Removal Resolution               :  Nearest Common Node
  Enable Input Delay Default Clock           :  No
  Enable Preset / Clear Arcs                 :  No
  Disable Flight Delays                      :  No
  Ignore I/O Paths                           :  No
  Timing Early Launch at Borrowing Latches   :  No
  Borrow Time for Max Delay Exceptions       :  Yes
  Merge Timing Exceptions                    :  Yes

  Corner  Analyze    Analyze    
  Name    Max Paths  Min Paths  
  ------  ---------  ---------  
  Slow    Yes        Yes        
  Fast    Yes        Yes        



check_timing report

Table of Contents
-----------------
1. checking no_clock (0)
2. checking constant_clock (0)
3. checking pulse_width_clock (0)
4. checking unconstrained_internal_endpoints (0)
5. checking no_input_delay (2)
6. checking no_output_delay (1)
7. checking multiple_clock (0)
8. checking generated_clocks (0)
9. checking loops (0)
10. checking partial_input_delay (0)
11. checking partial_output_delay (0)
12. checking latch_loops (0)

1. checking no_clock (0)
------------------------
 There are 0 register/latch pins with no clock.


2. checking constant_clock (0)
------------------------------
 There are 0 register/latch pins with constant_clock.


3. checking pulse_width_clock (0)
---------------------------------
 There are 0 register/latch pins which need pulse_width check


4. checking unconstrained_internal_endpoints (0)
------------------------------------------------
 There are 0 pins that are not constrained for maximum delay.

 There are 0 pins that are not constrained for maximum delay due to constant clock.


5. checking no_input_delay (2)
------------------------------
 There are 2 input ports with no input delay specified. (HIGH)

 There are 0 input ports with no input delay but user has a false path constraint.


6. checking no_output_delay (1)
-------------------------------
 There is 1 port with no output delay specified. (HIGH)

 There are 0 ports with no output delay but user has a false path constraint

 There are 0 ports with no output delay but with a timing clock defined on it or propagating through it


7. checking multiple_clock (0)
------------------------------
 There are 0 register/latch pins with multiple clocks.


8. checking generated_clocks (0)
--------------------------------
 There are 0 generated clocks that are not connected to a clock source.


9. checking loops (0)
---------------------
 There are 0 combinational loops in the design.


10. checking partial_input_delay (0)
------------------------------------
 There are 0 input ports with partial input delay specified.


11. checking partial_output_delay (0)
-------------------------------------
 There are 0 ports with partial output delay specified.


12. checking latch_loops (0)
----------------------------
 There are 0 combinational latch loops in the design through latch input



------------------------------------------------------------------------------------------------
| Design Timing Summary
| ---------------------
------------------------------------------------------------------------------------------------

    WNS(ns)      TNS(ns)  TNS Failing Endpoints  TNS Total Endpoints      WHS(ns)      THS(ns)  THS Failing Endpoints  THS Total Endpoints     WPWS(ns)     TPWS(ns)  TPWS Failing Endpoints  TPWS Total Endpoints  
    -------      -------  ---------------------  -------------------      -------      -------  ---------------------  -------------------     --------     --------  ----------------------  --------------------  
      3.653        0.000                      0                   29        0.262        0.000                      0                   29        3.500        0.000                       0                    30  


All user specified timing constraints are met.


------------------------------------------------------------------------------------------------
| Clock Summary
| -------------
------------------------------------------------------------------------------------------------

Clock        Waveform(ns)         Period(ns)      Frequency(MHz)
-----        ------------         ----------      --------------
sys_clk_pin  {0.000 4.000}        8.000           125.000         


------------------------------------------------------------------------------------------------
| Intra Clock Table
| -----------------
------------------------------------------------------------------------------------------------

Clock             WNS(ns)      TNS(ns)  TNS Failing Endpoints  TNS Total Endpoints      WHS(ns)      THS(ns)  THS Failing Endpoints  THS Total Endpoints     WPWS(ns)     TPWS(ns)  TPWS Failing Endpoints  TPWS Total Endpoints  
-----             -------      -------  ---------------------  -------------------      -------      -------  ---------------------  -------------------     --------     --------  ----------------------  --------------------  
sys_clk_pin         3.653        0.000                      0                   29        0.262        0.000                      0                   29        3.500        0.000                       0                    30  


------------------------------------------------------------------------------------------------
| Inter Clock Table
| -----------------
------------------------------------------------------------------------------------------------

From Clock    To Clock          WNS(ns)      TNS(ns)  TNS Failing Endpoints  TNS Total Endpoints      WHS(ns)      THS(ns)  THS Failing Endpoints  THS Total Endpoints  
----------    --------          -------      -------  ---------------------  -------------------      -------      -------  ---------------------  -------------------  


------------------------------------------------------------------------------------------------
| Other Path Groups Table
| -----------------------
------------------------------------------------------------------------------------------------

Path Group    From Clock    To Clock          WNS(ns)      TNS(ns)  TNS Failing Endpoints  TNS Total Endpoints      WHS(ns)      THS(ns)  THS Failing Endpoints  THS Total Endpoints  
----------    ----------    --------          -------      -------  ---------------------  -------------------      -------      -------  ---------------------  -------------------  


------------------------------------------------------------------------------------------------
| Timing Details
| --------------
------------------------------------------------------------------------------------------------


---------------------------------------------------------------------------------------------------
From Clock:  sys_clk_pin
  To Clock:  sys_clk_pin

Setup :            0  Failing Endpoints,  Worst Slack        3.653ns,  Total Violation        0.000ns
Hold  :            0  Failing Endpoints,  Worst Slack        0.262ns,  Total Violation        0.000ns
PW    :            0  Failing Endpoints,  Worst Slack        3.500ns,  Total Violation        0.000ns
---------------------------------------------------------------------------------------------------


Max Delay Paths
--------------------------------------------------------------------------------------
Slack (MET) :             3.653ns  (required time - arrival time)
  Source:                 count_reg[16]/C
                            (rising edge-triggered cell FDCE clocked by sys_clk_pin  {rise@0.000ns fall@4.000ns period=8.000ns})
  Destination:            count_reg[26]/D
                            (rising edge-triggered cell FDCE clocked by sys_clk_pin  {rise@0.000ns fall@4.000ns period=8.000ns})
  Path Group:             sys_clk_pin
  Path Type:              Setup (Max at Slow Process Corner)
  Requirement:            8.000ns  (sys_clk_pin rise@8.000ns - sys_clk_pin rise@0.000ns)
  Data Path Delay:        4.319ns  (logic 0.963ns (22.299%)  route 3.356ns (77.701%))
  Logic Levels:           3  (LUT4=1 LUT6=2)
  Clock Path Skew:        -0.024ns (DCD - SCD + CPR)
    Destination Clock Delay (DCD):    4.922ns = ( 12.922 - 8.000 ) 
    Source Clock Delay      (SCD):    5.374ns
    Clock Pessimism Removal (CPR):    0.429ns
  Clock Uncertainty:      0.035ns  ((TSJ^2 + TIJ^2)^1/2 + DJ) / 2 + PE
    Total System Jitter     (TSJ):    0.071ns
    Total Input Jitter      (TIJ):    0.000ns
    Discrete Jitter          (DJ):    0.000ns
    Phase Error              (PE):    0.000ns

    Location             Delay type                Incr(ns)  Path(ns)    Netlist Resource(s)
  -------------------------------------------------------------------    -------------------
                         (clock sys_clk_pin rise edge)
                                                      0.000     0.000 r  
    H16                                               0.000     0.000 r  clk (IN)
                         net (fo=0)                   0.000     0.000    clk
    H16                  IBUF (Prop_ibuf_I_O)         1.457     1.457 r  clk_IBUF_inst/O
                         net (fo=1, routed)           2.076     3.533    clk_IBUF
    BUFGCTRL_X0Y16       BUFG (Prop_bufg_I_O)         0.101     3.634 r  clk_IBUF_BUFG_inst/O
                         net (fo=29, routed)          1.740     5.374    clk_IBUF_BUFG
    SLICE_X43Y96         FDCE                                         r  count_reg[16]/C
  -------------------------------------------------------------------    -------------------
    SLICE_X43Y96         FDCE (Prop_fdce_C_Q)         0.419     5.793 f  count_reg[16]/Q
                         net (fo=2, routed)           1.026     6.819    count[16]
    SLICE_X43Y96         LUT6 (Prop_lut6_I3_O)        0.296     7.115 f  count[27]_i_6/O
                         net (fo=1, routed)           0.792     7.907    count[27]_i_6_n_0
    SLICE_X43Y93         LUT6 (Prop_lut6_I5_O)        0.124     8.031 f  count[27]_i_3/O
                         net (fo=29, routed)          1.538     9.569    count[27]_i_3_n_0
    SLICE_X43Y98         LUT4 (Prop_lut4_I2_O)        0.124     9.693 r  count[26]_i_1/O
                         net (fo=1, routed)           0.000     9.693    p_0_in[26]
    SLICE_X43Y98         FDCE                                         r  count_reg[26]/D
  -------------------------------------------------------------------    -------------------

                         (clock sys_clk_pin rise edge)
                                                      8.000     8.000 r  
    H16                                               0.000     8.000 r  clk (IN)
                         net (fo=0)                   0.000     8.000    clk
    H16                  IBUF (Prop_ibuf_I_O)         1.387     9.387 r  clk_IBUF_inst/O
                         net (fo=1, routed)           1.880    11.267    clk_IBUF
    BUFGCTRL_X0Y16       BUFG (Prop_bufg_I_O)         0.091    11.358 r  clk_IBUF_BUFG_inst/O
                         net (fo=29, routed)          1.564    12.922    clk_IBUF_BUFG
    SLICE_X43Y98         FDCE                                         r  count_reg[26]/C
                         clock pessimism              0.429    13.350    
                         clock uncertainty           -0.035    13.315    
    SLICE_X43Y98         FDCE (Setup_fdce_C_D)        0.031    13.346    count_reg[26]
  -------------------------------------------------------------------
                         required time                         13.346    
                         arrival time                          -9.693    
  -------------------------------------------------------------------
                         slack                                  3.653    

Slack (MET) :             3.667ns  (required time - arrival time)
  Source:                 count_reg[16]/C
                            (rising edge-triggered cell FDCE clocked by sys_clk_pin  {rise@0.000ns fall@4.000ns period=8.000ns})
  Destination:            count_reg[27]/D
                            (rising edge-triggered cell FDCE clocked by sys_clk_pin  {rise@0.000ns fall@4.000ns period=8.000ns})
  Path Group:             sys_clk_pin
  Path Type:              Setup (Max at Slow Process Corner)
  Requirement:            8.000ns  (sys_clk_pin rise@8.000ns - sys_clk_pin rise@0.000ns)
  Data Path Delay:        4.349ns  (logic 0.993ns (22.835%)  route 3.356ns (77.165%))
  Logic Levels:           3  (LUT4=1 LUT6=2)
  Clock Path Skew:        -0.024ns (DCD - SCD + CPR)
    Destination Clock Delay (DCD):    4.922ns = ( 12.922 - 8.000 ) 
    Source Clock Delay      (SCD):    5.374ns
    Clock Pessimism Removal (CPR):    0.429ns
  Clock Uncertainty:      0.035ns  ((TSJ^2 + TIJ^2)^1/2 + DJ) / 2 + PE
    Total System Jitter     (TSJ):    0.071ns
    Total Input Jitter      (TIJ):    0.000ns
    Discrete Jitter          (DJ):    0.000ns
    Phase Error              (PE):    0.000ns

    Location             Delay type                Incr(ns)  Path(ns)    Netlist Resource(s)
  -------------------------------------------------------------------    -------------------
                         (clock sys_clk_pin rise edge)
                                                      0.000     0.000 r  
    H16                                               0.000     0.000 r  clk (IN)
                         net (fo=0)                   0.000     0.000    clk
    H16                  IBUF (Prop_ibuf_I_O)         1.457     1.457 r  clk_IBUF_inst/O
                         net (fo=1, routed)           2.076     3.533    clk_IBUF
    BUFGCTRL_X0Y16       BUFG (Prop_bufg_I_O)         0.101     3.634 r  clk_IBUF_BUFG_inst/O
                         net (fo=29, routed)          1.740     5.374    clk_IBUF_BUFG
    SLICE_X43Y96         FDCE                                         r  count_reg[16]/C
  -------------------------------------------------------------------    -------------------
    SLICE_X43Y96         FDCE (Prop_fdce_C_Q)         0.419     5.793 f  count_reg[16]/Q
                         net (fo=2, routed)           1.026     6.819    count[16]
    SLICE_X43Y96         LUT6 (Prop_lut6_I3_O)        0.296     7.115 f  count[27]_i_6/O
                         net (fo=1, routed)           0.792     7.907    count[27]_i_6_n_0
    SLICE_X43Y93         LUT6 (Prop_lut6_I5_O)        0.124     8.031 f  count[27]_i_3/O
                         net (fo=29, routed)          1.538     9.569    count[27]_i_3_n_0
    SLICE_X43Y98         LUT4 (Prop_lut4_I2_O)        0.154     9.723 r  count[27]_i_1/O
                         net (fo=1, routed)           0.000     9.723    p_0_in[27]
    SLICE_X43Y98         FDCE                                         r  count_reg[27]/D
  -------------------------------------------------------------------    -------------------

                         (clock sys_clk_pin rise edge)
                                                      8.000     8.000 r  
    H16                                               0.000     8.000 r  clk (IN)
                         net (fo=0)                   0.000     8.000    clk
    H16                  IBUF (Prop_ibuf_I_O)         1.387     9.387 r  clk_IBUF_inst/O
                         net (fo=1, routed)           1.880    11.267    clk_IBUF
    BUFGCTRL_X0Y16       BUFG (Prop_bufg_I_O)         0.091    11.358 r  clk_IBUF_BUFG_inst/O
                         net (fo=29, routed)          1.564    12.922    clk_IBUF_BUFG
    SLICE_X43Y98         FDCE                                         r  count_reg[27]/C
                         clock pessimism              0.429    13.350    
                         clock uncertainty           -0.035    13.315    
    SLICE_X43Y98         FDCE (Setup_fdce_C_D)        0.075    13.390    count_reg[27]
  -------------------------------------------------------------------
                         required time                         13.390    
                         arrival time                          -9.723    
  -------------------------------------------------------------------
                         slack                                  3.667    

Slack (MET) :             3.824ns  (required time - arrival time)
  Source:                 count_reg[16]/C
                            (rising edge-triggered cell FDCE clocked by sys_clk_pin  {rise@0.000ns fall@4.000ns period=8.000ns})
  Destination:            count_reg[22]/D
                            (rising edge-triggered cell FDCE clocked by sys_clk_pin  {rise@0.000ns fall@4.000ns period=8.000ns})
  Path Group:             sys_clk_pin
  Path Type:              Setup (Max at Slow Process Corner)
  Requirement:            8.000ns  (sys_clk_pin rise@8.000ns - sys_clk_pin rise@0.000ns)
  Data Path Delay:        4.146ns  (logic 0.963ns (23.230%)  route 3.183ns (76.770%))
  Logic Levels:           3  (LUT4=1 LUT6=2)
  Clock Path Skew:        -0.024ns (DCD - SCD + CPR)
    Destination Clock Delay (DCD):    4.922ns = ( 12.922 - 8.000 ) 
    Source Clock Delay      (SCD):    5.374ns
    Clock Pessimism Removal (CPR):    0.429ns
  Clock Uncertainty:      0.035ns  ((TSJ^2 + TIJ^2)^1/2 + DJ) / 2 + PE
    Total System Jitter     (TSJ):    0.071ns
    Total Input Jitter      (TIJ):    0.000ns
    Discrete Jitter          (DJ):    0.000ns
    Phase Error              (PE):    0.000ns

    Location             Delay type                Incr(ns)  Path(ns)    Netlist Resource(s)
  -------------------------------------------------------------------    -------------------
                         (clock sys_clk_pin rise edge)
                                                      0.000     0.000 r  
    H16                                               0.000     0.000 r  clk (IN)
                         net (fo=0)                   0.000     0.000    clk
    H16                  IBUF (Prop_ibuf_I_O)         1.457     1.457 r  clk_IBUF_inst/O
                         net (fo=1, routed)           2.076     3.533    clk_IBUF
    BUFGCTRL_X0Y16       BUFG (Prop_bufg_I_O)         0.101     3.634 r  clk_IBUF_BUFG_inst/O
                         net (fo=29, routed)          1.740     5.374    clk_IBUF_BUFG
    SLICE_X43Y96         FDCE                                         r  count_reg[16]/C
  -------------------------------------------------------------------    -------------------
    SLICE_X43Y96         FDCE (Prop_fdce_C_Q)         0.419     5.793 f  count_reg[16]/Q
                         net (fo=2, routed)           1.026     6.819    count[16]
    SLICE_X43Y96         LUT6 (Prop_lut6_I3_O)        0.296     7.115 f  count[27]_i_6/O
                         net (fo=1, routed)           0.792     7.907    count[27]_i_6_n_0
    SLICE_X43Y93         LUT6 (Prop_lut6_I5_O)        0.124     8.031 f  count[27]_i_3/O
                         net (fo=29, routed)          1.365     9.396    count[27]_i_3_n_0
    SLICE_X43Y98         LUT4 (Prop_lut4_I2_O)        0.124     9.520 r  count[22]_i_1/O
                         net (fo=1, routed)           0.000     9.520    p_0_in[22]
    SLICE_X43Y98         FDCE                                         r  count_reg[22]/D
  -------------------------------------------------------------------    -------------------

                         (clock sys_clk_pin rise edge)
                                                      8.000     8.000 r  
    H16                                               0.000     8.000 r  clk (IN)
                         net (fo=0)                   0.000     8.000    clk
    H16                  IBUF (Prop_ibuf_I_O)         1.387     9.387 r  clk_IBUF_inst/O
                         net (fo=1, routed)           1.880    11.267    clk_IBUF
    BUFGCTRL_X0Y16       BUFG (Prop_bufg_I_O)         0.091    11.358 r  clk_IBUF_BUFG_inst/O
                         net (fo=29, routed)          1.564    12.922    clk_IBUF_BUFG
    SLICE_X43Y98         FDCE                                         r  count_reg[22]/C
                         clock pessimism              0.429    13.350    
                         clock uncertainty           -0.035    13.315    
    SLICE_X43Y98         FDCE (Setup_fdce_C_D)        0.029    13.344    count_reg[22]
  -------------------------------------------------------------------
                         required time                         13.344    
                         arrival time                          -9.520    
  -------------------------------------------------------------------
                         slack                                  3.824    

Slack (MET) :             3.844ns  (required time - arrival time)
  Source:                 count_reg[16]/C
                            (rising edge-triggered cell FDCE clocked by sys_clk_pin  {rise@0.000ns fall@4.000ns period=8.000ns})
  Destination:            count_reg[25]/D
                            (rising edge-triggered cell FDCE clocked by sys_clk_pin  {rise@0.000ns fall@4.000ns period=8.000ns})
  Path Group:             sys_clk_pin
  Path Type:              Setup (Max at Slow Process Corner)
  Requirement:            8.000ns  (sys_clk_pin rise@8.000ns - sys_clk_pin rise@0.000ns)
  Data Path Delay:        4.172ns  (logic 0.989ns (23.708%)  route 3.183ns (76.292%))
  Logic Levels:           3  (LUT4=1 LUT6=2)
  Clock Path Skew:        -0.024ns (DCD - SCD + CPR)
    Destination Clock Delay (DCD):    4.922ns = ( 12.922 - 8.000 ) 
    Source Clock Delay      (SCD):    5.374ns
    Clock Pessimism Removal (CPR):    0.429ns
  Clock Uncertainty:      0.035ns  ((TSJ^2 + TIJ^2)^1/2 + DJ) / 2 + PE
    Total System Jitter     (TSJ):    0.071ns
    Total Input Jitter      (TIJ):    0.000ns
    Discrete Jitter          (DJ):    0.000ns
    Phase Error              (PE):    0.000ns

    Location             Delay type                Incr(ns)  Path(ns)    Netlist Resource(s)
  -------------------------------------------------------------------    -------------------
                         (clock sys_clk_pin rise edge)
                                                      0.000     0.000 r  
    H16                                               0.000     0.000 r  clk (IN)
                         net (fo=0)                   0.000     0.000    clk
    H16                  IBUF (Prop_ibuf_I_O)         1.457     1.457 r  clk_IBUF_inst/O
                         net (fo=1, routed)           2.076     3.533    clk_IBUF
    BUFGCTRL_X0Y16       BUFG (Prop_bufg_I_O)         0.101     3.634 r  clk_IBUF_BUFG_inst/O
                         net (fo=29, routed)          1.740     5.374    clk_IBUF_BUFG
    SLICE_X43Y96         FDCE                                         r  count_reg[16]/C
  -------------------------------------------------------------------    -------------------
    SLICE_X43Y96         FDCE (Prop_fdce_C_Q)         0.419     5.793 f  count_reg[16]/Q
                         net (fo=2, routed)           1.026     6.819    count[16]
    SLICE_X43Y96         LUT6 (Prop_lut6_I3_O)        0.296     7.115 f  count[27]_i_6/O
                         net (fo=1, routed)           0.792     7.907    count[27]_i_6_n_0
    SLICE_X43Y93         LUT6 (Prop_lut6_I5_O)        0.124     8.031 f  count[27]_i_3/O
                         net (fo=29, routed)          1.365     9.396    count[27]_i_3_n_0
    SLICE_X43Y98         LUT4 (Prop_lut4_I2_O)        0.150     9.546 r  count[25]_i_1/O
                         net (fo=1, routed)           0.000     9.546    p_0_in[25]
    SLICE_X43Y98         FDCE                                         r  count_reg[25]/D
  -------------------------------------------------------------------    -------------------

                         (clock sys_clk_pin rise edge)
                                                      8.000     8.000 r  
    H16                                               0.000     8.000 r  clk (IN)
                         net (fo=0)                   0.000     8.000    clk
    H16                  IBUF (Prop_ibuf_I_O)         1.387     9.387 r  clk_IBUF_inst/O
                         net (fo=1, routed)           1.880    11.267    clk_IBUF
    BUFGCTRL_X0Y16       BUFG (Prop_bufg_I_O)         0.091    11.358 r  clk_IBUF_BUFG_inst/O
                         net (fo=29, routed)          1.564    12.922    clk_IBUF_BUFG
    SLICE_X43Y98         FDCE                                         r  count_reg[25]/C
                         clock pessimism              0.429    13.350    
                         clock uncertainty           -0.035    13.315    
    SLICE_X43Y98         FDCE (Setup_fdce_C_D)        0.075    13.390    count_reg[25]
  -------------------------------------------------------------------
                         required time                         13.390    
                         arrival time                          -9.546    
  -------------------------------------------------------------------
                         slack                                  3.844    

Slack (MET) :             3.999ns  (required time - arrival time)
  Source:                 count_reg[16]/C
                            (rising edge-triggered cell FDCE clocked by sys_clk_pin  {rise@0.000ns fall@4.000ns period=8.000ns})
  Destination:            count_reg[14]/D
                            (rising edge-triggered cell FDCE clocked by sys_clk_pin  {rise@0.000ns fall@4.000ns period=8.000ns})
  Path Group:             sys_clk_pin
  Path Type:              Setup (Max at Slow Process Corner)
  Requirement:            8.000ns  (sys_clk_pin rise@8.000ns - sys_clk_pin rise@0.000ns)
  Data Path Delay:        3.994ns  (logic 0.963ns (24.108%)  route 3.031ns (75.892%))
  Logic Levels:           3  (LUT4=1 LUT6=2)
  Clock Path Skew:        0.000ns (DCD - SCD + CPR)
    Destination Clock Delay (DCD):    4.921ns = ( 12.921 - 8.000 ) 
    Source Clock Delay      (SCD):    5.374ns
    Clock Pessimism Removal (CPR):    0.454ns
  Clock Uncertainty:      0.035ns  ((TSJ^2 + TIJ^2)^1/2 + DJ) / 2 + PE
    Total System Jitter     (TSJ):    0.071ns
    Total Input Jitter      (TIJ):    0.000ns
    Discrete Jitter          (DJ):    0.000ns
    Phase Error              (PE):    0.000ns

    Location             Delay type                Incr(ns)  Path(ns)    Netlist Resource(s)
  -------------------------------------------------------------------    -------------------
                         (clock sys_clk_pin rise edge)
                                                      0.000     0.000 r  
    H16                                               0.000     0.000 r  clk (IN)
                         net (fo=0)                   0.000     0.000    clk
    H16                  IBUF (Prop_ibuf_I_O)         1.457     1.457 r  clk_IBUF_inst/O
                         net (fo=1, routed)           2.076     3.533    clk_IBUF
    BUFGCTRL_X0Y16       BUFG (Prop_bufg_I_O)         0.101     3.634 r  clk_IBUF_BUFG_inst/O
                         net (fo=29, routed)          1.740     5.374    clk_IBUF_BUFG
    SLICE_X43Y96         FDCE                                         r  count_reg[16]/C
  -------------------------------------------------------------------    -------------------
    SLICE_X43Y96         FDCE (Prop_fdce_C_Q)         0.419     5.793 f  count_reg[16]/Q
                         net (fo=2, routed)           1.026     6.819    count[16]
    SLICE_X43Y96         LUT6 (Prop_lut6_I3_O)        0.296     7.115 f  count[27]_i_6/O
                         net (fo=1, routed)           0.792     7.907    count[27]_i_6_n_0
    SLICE_X43Y93         LUT6 (Prop_lut6_I5_O)        0.124     8.031 f  count[27]_i_3/O
                         net (fo=29, routed)          1.214     9.245    count[27]_i_3_n_0
    SLICE_X43Y96         LUT4 (Prop_lut4_I2_O)        0.124     9.369 r  count[14]_i_1/O
                         net (fo=1, routed)           0.000     9.369    p_0_in[14]
    SLICE_X43Y96         FDCE                                         r  count_reg[14]/D
  -------------------------------------------------------------------    -------------------

                         (clock sys_clk_pin rise edge)
                                                      8.000     8.000 r  
    H16                                               0.000     8.000 r  clk (IN)
                         net (fo=0)                   0.000     8.000    clk
    H16                  IBUF (Prop_ibuf_I_O)         1.387     9.387 r  clk_IBUF_inst/O
                         net (fo=1, routed)           1.880    11.267    clk_IBUF
    BUFGCTRL_X0Y16       BUFG (Prop_bufg_I_O)         0.091    11.358 r  clk_IBUF_BUFG_inst/O
                         net (fo=29, routed)          1.563    12.921    clk_IBUF_BUFG
    SLICE_X43Y96         FDCE                                         r  count_reg[14]/C
                         clock pessimism              0.454    13.374    
                         clock uncertainty           -0.035    13.339    
    SLICE_X43Y96         FDCE (Setup_fdce_C_D)        0.029    13.368    count_reg[14]
  -------------------------------------------------------------------
                         required time                         13.368    
                         arrival time                          -9.369    
  -------------------------------------------------------------------
                         slack                                  3.999    

Slack (MET) :             4.019ns  (required time - arrival time)
  Source:                 count_reg[16]/C
                            (rising edge-triggered cell FDCE clocked by sys_clk_pin  {rise@0.000ns fall@4.000ns period=8.000ns})
  Destination:            count_reg[17]/D
                            (rising edge-triggered cell FDCE clocked by sys_clk_pin  {rise@0.000ns fall@4.000ns period=8.000ns})
  Path Group:             sys_clk_pin
  Path Type:              Setup (Max at Slow Process Corner)
  Requirement:            8.000ns  (sys_clk_pin rise@8.000ns - sys_clk_pin rise@0.000ns)
  Data Path Delay:        4.020ns  (logic 0.989ns (24.599%)  route 3.031ns (75.401%))
  Logic Levels:           3  (LUT4=1 LUT6=2)
  Clock Path Skew:        0.000ns (DCD - SCD + CPR)
    Destination Clock Delay (DCD):    4.921ns = ( 12.921 - 8.000 ) 
    Source Clock Delay      (SCD):    5.374ns
    Clock Pessimism Removal (CPR):    0.454ns
  Clock Uncertainty:      0.035ns  ((TSJ^2 + TIJ^2)^1/2 + DJ) / 2 + PE
    Total System Jitter     (TSJ):    0.071ns
    Total Input Jitter      (TIJ):    0.000ns
    Discrete Jitter          (DJ):    0.000ns
    Phase Error              (PE):    0.000ns

    Location             Delay type                Incr(ns)  Path(ns)    Netlist Resource(s)
  -------------------------------------------------------------------    -------------------
                         (clock sys_clk_pin rise edge)
                                                      0.000     0.000 r  
    H16                                               0.000     0.000 r  clk (IN)
                         net (fo=0)                   0.000     0.000    clk
    H16                  IBUF (Prop_ibuf_I_O)         1.457     1.457 r  clk_IBUF_inst/O
                         net (fo=1, routed)           2.076     3.533    clk_IBUF
    BUFGCTRL_X0Y16       BUFG (Prop_bufg_I_O)         0.101     3.634 r  clk_IBUF_BUFG_inst/O
                         net (fo=29, routed)          1.740     5.374    clk_IBUF_BUFG
    SLICE_X43Y96         FDCE                                         r  count_reg[16]/C
  -------------------------------------------------------------------    -------------------
    SLICE_X43Y96         FDCE (Prop_fdce_C_Q)         0.419     5.793 f  count_reg[16]/Q
                         net (fo=2, routed)           1.026     6.819    count[16]
    SLICE_X43Y96         LUT6 (Prop_lut6_I3_O)        0.296     7.115 f  count[27]_i_6/O
                         net (fo=1, routed)           0.792     7.907    count[27]_i_6_n_0
    SLICE_X43Y93         LUT6 (Prop_lut6_I5_O)        0.124     8.031 f  count[27]_i_3/O
                         net (fo=29, routed)          1.214     9.245    count[27]_i_3_n_0
    SLICE_X43Y96         LUT4 (Prop_lut4_I2_O)        0.150     9.395 r  count[17]_i_1/O
                         net (fo=1, routed)           0.000     9.395    p_0_in[17]
    SLICE_X43Y96         FDCE                                         r  count_reg[17]/D
  -------------------------------------------------------------------    -------------------

                         (clock sys_clk_pin rise edge)
                                                      8.000     8.000 r  
    H16                                               0.000     8.000 r  clk (IN)
                         net (fo=0)                   0.000     8.000    clk
    H16                  IBUF (Prop_ibuf_I_O)         1.387     9.387 r  clk_IBUF_inst/O
                         net (fo=1, routed)           1.880    11.267    clk_IBUF
    BUFGCTRL_X0Y16       BUFG (Prop_bufg_I_O)         0.091    11.358 r  clk_IBUF_BUFG_inst/O
                         net (fo=29, routed)          1.563    12.921    clk_IBUF_BUFG
    SLICE_X43Y96         FDCE                                         r  count_reg[17]/C
                         clock pessimism              0.454    13.374    
                         clock uncertainty           -0.035    13.339    
    SLICE_X43Y96         FDCE (Setup_fdce_C_D)        0.075    13.414    count_reg[17]
  -------------------------------------------------------------------
                         required time                         13.414    
                         arrival time                          -9.395    
  -------------------------------------------------------------------
                         slack                                  4.019    

Slack (MET) :             4.054ns  (required time - arrival time)
  Source:                 count_reg[16]/C
                            (rising edge-triggered cell FDCE clocked by sys_clk_pin  {rise@0.000ns fall@4.000ns period=8.000ns})
  Destination:            count_reg[23]/D
                            (rising edge-triggered cell FDCE clocked by sys_clk_pin  {rise@0.000ns fall@4.000ns period=8.000ns})
  Path Group:             sys_clk_pin
  Path Type:              Setup (Max at Slow Process Corner)
  Requirement:            8.000ns  (sys_clk_pin rise@8.000ns - sys_clk_pin rise@0.000ns)
  Data Path Delay:        3.918ns  (logic 0.963ns (24.582%)  route 2.955ns (75.418%))
  Logic Levels:           3  (LUT4=1 LUT6=2)
  Clock Path Skew:        -0.024ns (DCD - SCD + CPR)
    Destination Clock Delay (DCD):    4.922ns = ( 12.922 - 8.000 ) 
    Source Clock Delay      (SCD):    5.374ns
    Clock Pessimism Removal (CPR):    0.429ns
  Clock Uncertainty:      0.035ns  ((TSJ^2 + TIJ^2)^1/2 + DJ) / 2 + PE
    Total System Jitter     (TSJ):    0.071ns
    Total Input Jitter      (TIJ):    0.000ns
    Discrete Jitter          (DJ):    0.000ns
    Phase Error              (PE):    0.000ns

    Location             Delay type                Incr(ns)  Path(ns)    Netlist Resource(s)
  -------------------------------------------------------------------    -------------------
                         (clock sys_clk_pin rise edge)
                                                      0.000     0.000 r  
    H16                                               0.000     0.000 r  clk (IN)
                         net (fo=0)                   0.000     0.000    clk
    H16                  IBUF (Prop_ibuf_I_O)         1.457     1.457 r  clk_IBUF_inst/O
                         net (fo=1, routed)           2.076     3.533    clk_IBUF
    BUFGCTRL_X0Y16       BUFG (Prop_bufg_I_O)         0.101     3.634 r  clk_IBUF_BUFG_inst/O
                         net (fo=29, routed)          1.740     5.374    clk_IBUF_BUFG
    SLICE_X43Y96         FDCE                                         r  count_reg[16]/C
  -------------------------------------------------------------------    -------------------
    SLICE_X43Y96         FDCE (Prop_fdce_C_Q)         0.419     5.793 f  count_reg[16]/Q
                         net (fo=2, routed)           1.026     6.819    count[16]
    SLICE_X43Y96         LUT6 (Prop_lut6_I3_O)        0.296     7.115 f  count[27]_i_6/O
                         net (fo=1, routed)           0.792     7.907    count[27]_i_6_n_0
    SLICE_X43Y93         LUT6 (Prop_lut6_I5_O)        0.124     8.031 f  count[27]_i_3/O
                         net (fo=29, routed)          1.137     9.168    count[27]_i_3_n_0
    SLICE_X43Y98         LUT4 (Prop_lut4_I2_O)        0.124     9.292 r  count[23]_i_1/O
                         net (fo=1, routed)           0.000     9.292    p_0_in[23]
    SLICE_X43Y98         FDCE                                         r  count_reg[23]/D
  -------------------------------------------------------------------    -------------------

                         (clock sys_clk_pin rise edge)
                                                      8.000     8.000 r  
    H16                                               0.000     8.000 r  clk (IN)
                         net (fo=0)                   0.000     8.000    clk
    H16                  IBUF (Prop_ibuf_I_O)         1.387     9.387 r  clk_IBUF_inst/O
                         net (fo=1, routed)           1.880    11.267    clk_IBUF
    BUFGCTRL_X0Y16       BUFG (Prop_bufg_I_O)         0.091    11.358 r  clk_IBUF_BUFG_inst/O
                         net (fo=29, routed)          1.564    12.922    clk_IBUF_BUFG
    SLICE_X43Y98         FDCE                                         r  count_reg[23]/C
                         clock pessimism              0.429    13.350    
                         clock uncertainty           -0.035    13.315    
    SLICE_X43Y98         FDCE (Setup_fdce_C_D)        0.031    13.346    count_reg[23]
  -------------------------------------------------------------------
                         required time                         13.346    
                         arrival time                          -9.292    
  -------------------------------------------------------------------
                         slack                                  4.054    

Slack (MET) :             4.084ns  (required time - arrival time)
  Source:                 count_reg[20]/C
                            (rising edge-triggered cell FDCE clocked by sys_clk_pin  {rise@0.000ns fall@4.000ns period=8.000ns})
  Destination:            count_reg[6]/D
                            (rising edge-triggered cell FDCE clocked by sys_clk_pin  {rise@0.000ns fall@4.000ns period=8.000ns})
  Path Group:             sys_clk_pin
  Path Type:              Setup (Max at Slow Process Corner)
  Requirement:            8.000ns  (sys_clk_pin rise@8.000ns - sys_clk_pin rise@0.000ns)
  Data Path Delay:        3.885ns  (logic 0.963ns (24.786%)  route 2.922ns (75.214%))
  Logic Levels:           3  (LUT4=2 LUT6=1)
  Clock Path Skew:        -0.026ns (DCD - SCD + CPR)
    Destination Clock Delay (DCD):    4.921ns = ( 12.921 - 8.000 ) 
    Source Clock Delay      (SCD):    5.375ns
    Clock Pessimism Removal (CPR):    0.429ns
  Clock Uncertainty:      0.035ns  ((TSJ^2 + TIJ^2)^1/2 + DJ) / 2 + PE
    Total System Jitter     (TSJ):    0.071ns
    Total Input Jitter      (TIJ):    0.000ns
    Discrete Jitter          (DJ):    0.000ns
    Phase Error              (PE):    0.000ns

    Location             Delay type                Incr(ns)  Path(ns)    Netlist Resource(s)
  -------------------------------------------------------------------    -------------------
                         (clock sys_clk_pin rise edge)
                                                      0.000     0.000 r  
    H16                                               0.000     0.000 r  clk (IN)
                         net (fo=0)                   0.000     0.000    clk
    H16                  IBUF (Prop_ibuf_I_O)         1.457     1.457 r  clk_IBUF_inst/O
                         net (fo=1, routed)           2.076     3.533    clk_IBUF
    BUFGCTRL_X0Y16       BUFG (Prop_bufg_I_O)         0.101     3.634 r  clk_IBUF_BUFG_inst/O
                         net (fo=29, routed)          1.741     5.375    clk_IBUF_BUFG
    SLICE_X43Y97         FDCE                                         r  count_reg[20]/C
  -------------------------------------------------------------------    -------------------
    SLICE_X43Y97         FDCE (Prop_fdce_C_Q)         0.419     5.794 r  count_reg[20]/Q
                         net (fo=2, routed)           1.346     7.141    count[20]
    SLICE_X43Y97         LUT4 (Prop_lut4_I0_O)        0.296     7.437 f  count[27]_i_7/O
                         net (fo=1, routed)           0.641     8.078    count[27]_i_7_n_0
    SLICE_X43Y95         LUT6 (Prop_lut6_I0_O)        0.124     8.202 f  count[27]_i_4/O
                         net (fo=29, routed)          0.935     9.136    count[27]_i_4_n_0
    SLICE_X43Y94         LUT4 (Prop_lut4_I3_O)        0.124     9.260 r  count[6]_i_1/O
                         net (fo=1, routed)           0.000     9.260    p_0_in[6]
    SLICE_X43Y94         FDCE                                         r  count_reg[6]/D
  -------------------------------------------------------------------    -------------------

                         (clock sys_clk_pin rise edge)
                                                      8.000     8.000 r  
    H16                                               0.000     8.000 r  clk (IN)
                         net (fo=0)                   0.000     8.000    clk
    H16                  IBUF (Prop_ibuf_I_O)         1.387     9.387 r  clk_IBUF_inst/O
                         net (fo=1, routed)           1.880    11.267    clk_IBUF
    BUFGCTRL_X0Y16       BUFG (Prop_bufg_I_O)         0.091    11.358 r  clk_IBUF_BUFG_inst/O
                         net (fo=29, routed)          1.563    12.921    clk_IBUF_BUFG
    SLICE_X43Y94         FDCE                                         r  count_reg[6]/C
                         clock pessimism              0.429    13.349    
                         clock uncertainty           -0.035    13.314    
    SLICE_X43Y94         FDCE (Setup_fdce_C_D)        0.031    13.345    count_reg[6]
  -------------------------------------------------------------------
                         required time                         13.345    
                         arrival time                          -9.260    
  -------------------------------------------------------------------
                         slack                                  4.084    

Slack (MET) :             4.087ns  (required time - arrival time)
  Source:                 count_reg[20]/C
                            (rising edge-triggered cell FDCE clocked by sys_clk_pin  {rise@0.000ns fall@4.000ns period=8.000ns})
  Destination:            count_reg[4]/D
                            (rising edge-triggered cell FDCE clocked by sys_clk_pin  {rise@0.000ns fall@4.000ns period=8.000ns})
  Path Group:             sys_clk_pin
  Path Type:              Setup (Max at Slow Process Corner)
  Requirement:            8.000ns  (sys_clk_pin rise@8.000ns - sys_clk_pin rise@0.000ns)
  Data Path Delay:        3.880ns  (logic 0.963ns (24.818%)  route 2.917ns (75.182%))
  Logic Levels:           3  (LUT4=2 LUT6=1)
  Clock Path Skew:        -0.026ns (DCD - SCD + CPR)
    Destination Clock Delay (DCD):    4.921ns = ( 12.921 - 8.000 ) 
    Source Clock Delay      (SCD):    5.375ns
    Clock Pessimism Removal (CPR):    0.429ns
  Clock Uncertainty:      0.035ns  ((TSJ^2 + TIJ^2)^1/2 + DJ) / 2 + PE
    Total System Jitter     (TSJ):    0.071ns
    Total Input Jitter      (TIJ):    0.000ns
    Discrete Jitter          (DJ):    0.000ns
    Phase Error              (PE):    0.000ns

    Location             Delay type                Incr(ns)  Path(ns)    Netlist Resource(s)
  -------------------------------------------------------------------    -------------------
                         (clock sys_clk_pin rise edge)
                                                      0.000     0.000 r  
    H16                                               0.000     0.000 r  clk (IN)
                         net (fo=0)                   0.000     0.000    clk
    H16                  IBUF (Prop_ibuf_I_O)         1.457     1.457 r  clk_IBUF_inst/O
                         net (fo=1, routed)           2.076     3.533    clk_IBUF
    BUFGCTRL_X0Y16       BUFG (Prop_bufg_I_O)         0.101     3.634 r  clk_IBUF_BUFG_inst/O
                         net (fo=29, routed)          1.741     5.375    clk_IBUF_BUFG
    SLICE_X43Y97         FDCE                                         r  count_reg[20]/C
  -------------------------------------------------------------------    -------------------
    SLICE_X43Y97         FDCE (Prop_fdce_C_Q)         0.419     5.794 r  count_reg[20]/Q
                         net (fo=2, routed)           1.346     7.141    count[20]
    SLICE_X43Y97         LUT4 (Prop_lut4_I0_O)        0.296     7.437 f  count[27]_i_7/O
                         net (fo=1, routed)           0.641     8.078    count[27]_i_7_n_0
    SLICE_X43Y95         LUT6 (Prop_lut6_I0_O)        0.124     8.202 f  count[27]_i_4/O
                         net (fo=29, routed)          0.930     9.131    count[27]_i_4_n_0
    SLICE_X43Y94         LUT4 (Prop_lut4_I3_O)        0.124     9.255 r  count[4]_i_1/O
                         net (fo=1, routed)           0.000     9.255    p_0_in[4]
    SLICE_X43Y94         FDCE                                         r  count_reg[4]/D
  -------------------------------------------------------------------    -------------------

                         (clock sys_clk_pin rise edge)
                                                      8.000     8.000 r  
    H16                                               0.000     8.000 r  clk (IN)
                         net (fo=0)                   0.000     8.000    clk
    H16                  IBUF (Prop_ibuf_I_O)         1.387     9.387 r  clk_IBUF_inst/O
                         net (fo=1, routed)           1.880    11.267    clk_IBUF
    BUFGCTRL_X0Y16       BUFG (Prop_bufg_I_O)         0.091    11.358 r  clk_IBUF_BUFG_inst/O
                         net (fo=29, routed)          1.563    12.921    clk_IBUF_BUFG
    SLICE_X43Y94         FDCE                                         r  count_reg[4]/C
                         clock pessimism              0.429    13.349    
                         clock uncertainty           -0.035    13.314    
    SLICE_X43Y94         FDCE (Setup_fdce_C_D)        0.029    13.343    count_reg[4]
  -------------------------------------------------------------------
                         required time                         13.343    
                         arrival time                          -9.255    
  -------------------------------------------------------------------
                         slack                                  4.087    

Slack (MET) :             4.100ns  (required time - arrival time)
  Source:                 count_reg[20]/C
                            (rising edge-triggered cell FDCE clocked by sys_clk_pin  {rise@0.000ns fall@4.000ns period=8.000ns})
  Destination:            count_reg[9]/D
                            (rising edge-triggered cell FDCE clocked by sys_clk_pin  {rise@0.000ns fall@4.000ns period=8.000ns})
  Path Group:             sys_clk_pin
  Path Type:              Setup (Max at Slow Process Corner)
  Requirement:            8.000ns  (sys_clk_pin rise@8.000ns - sys_clk_pin rise@0.000ns)
  Data Path Delay:        3.913ns  (logic 0.991ns (25.324%)  route 2.922ns (74.676%))
  Logic Levels:           3  (LUT4=2 LUT6=1)
  Clock Path Skew:        -0.026ns (DCD - SCD + CPR)
    Destination Clock Delay (DCD):    4.921ns = ( 12.921 - 8.000 ) 
    Source Clock Delay      (SCD):    5.375ns
    Clock Pessimism Removal (CPR):    0.429ns
  Clock Uncertainty:      0.035ns  ((TSJ^2 + TIJ^2)^1/2 + DJ) / 2 + PE
    Total System Jitter     (TSJ):    0.071ns
    Total Input Jitter      (TIJ):    0.000ns
    Discrete Jitter          (DJ):    0.000ns
    Phase Error              (PE):    0.000ns

    Location             Delay type                Incr(ns)  Path(ns)    Netlist Resource(s)
  -------------------------------------------------------------------    -------------------
                         (clock sys_clk_pin rise edge)
                                                      0.000     0.000 r  
    H16                                               0.000     0.000 r  clk (IN)
                         net (fo=0)                   0.000     0.000    clk
    H16                  IBUF (Prop_ibuf_I_O)         1.457     1.457 r  clk_IBUF_inst/O
                         net (fo=1, routed)           2.076     3.533    clk_IBUF
    BUFGCTRL_X0Y16       BUFG (Prop_bufg_I_O)         0.101     3.634 r  clk_IBUF_BUFG_inst/O
                         net (fo=29, routed)          1.741     5.375    clk_IBUF_BUFG
    SLICE_X43Y97         FDCE                                         r  count_reg[20]/C
  -------------------------------------------------------------------    -------------------
    SLICE_X43Y97         FDCE (Prop_fdce_C_Q)         0.419     5.794 r  count_reg[20]/Q
                         net (fo=2, routed)           1.346     7.141    count[20]
    SLICE_X43Y97         LUT4 (Prop_lut4_I0_O)        0.296     7.437 f  count[27]_i_7/O
                         net (fo=1, routed)           0.641     8.078    count[27]_i_7_n_0
    SLICE_X43Y95         LUT6 (Prop_lut6_I0_O)        0.124     8.202 f  count[27]_i_4/O
                         net (fo=29, routed)          0.935     9.136    count[27]_i_4_n_0
    SLICE_X43Y94         LUT4 (Prop_lut4_I3_O)        0.152     9.288 r  count[9]_i_1/O
                         net (fo=1, routed)           0.000     9.288    p_0_in[9]
    SLICE_X43Y94         FDCE                                         r  count_reg[9]/D
  -------------------------------------------------------------------    -------------------

                         (clock sys_clk_pin rise edge)
                                                      8.000     8.000 r  
    H16                                               0.000     8.000 r  clk (IN)
                         net (fo=0)                   0.000     8.000    clk
    H16                  IBUF (Prop_ibuf_I_O)         1.387     9.387 r  clk_IBUF_inst/O
                         net (fo=1, routed)           1.880    11.267    clk_IBUF
    BUFGCTRL_X0Y16       BUFG (Prop_bufg_I_O)         0.091    11.358 r  clk_IBUF_BUFG_inst/O
                         net (fo=29, routed)          1.563    12.921    clk_IBUF_BUFG
    SLICE_X43Y94         FDCE                                         r  count_reg[9]/C
                         clock pessimism              0.429    13.349    
                         clock uncertainty           -0.035    13.314    
    SLICE_X43Y94         FDCE (Setup_fdce_C_D)        0.075    13.389    count_reg[9]
  -------------------------------------------------------------------
                         required time                         13.389    
                         arrival time                          -9.288    
  -------------------------------------------------------------------
                         slack                                  4.100    





Min Delay Paths
--------------------------------------------------------------------------------------
Slack (MET) :             0.262ns  (arrival time - required time)
  Source:                 count_reg[0]/C
                            (rising edge-triggered cell FDCE clocked by sys_clk_pin  {rise@0.000ns fall@4.000ns period=8.000ns})
  Destination:            count_reg[0]/D
                            (rising edge-triggered cell FDCE clocked by sys_clk_pin  {rise@0.000ns fall@4.000ns period=8.000ns})
  Path Group:             sys_clk_pin
  Path Type:              Hold (Min at Fast Process Corner)
  Requirement:            0.000ns  (sys_clk_pin rise@0.000ns - sys_clk_pin rise@0.000ns)
  Data Path Delay:        0.353ns  (logic 0.186ns (52.691%)  route 0.167ns (47.309%))
  Logic Levels:           1  (LUT4=1)
  Clock Path Skew:        0.000ns (DCD - SCD - CPR)
    Destination Clock Delay (DCD):    1.983ns
    Source Clock Delay      (SCD):    1.466ns
    Clock Pessimism Removal (CPR):    0.517ns

    Location             Delay type                Incr(ns)  Path(ns)    Netlist Resource(s)
  -------------------------------------------------------------------    -------------------
                         (clock sys_clk_pin rise edge)
                                                      0.000     0.000 r  
    H16                                               0.000     0.000 r  clk (IN)
                         net (fo=0)                   0.000     0.000    clk
    H16                  IBUF (Prop_ibuf_I_O)         0.225     0.225 r  clk_IBUF_inst/O
                         net (fo=1, routed)           0.627     0.852    clk_IBUF
    BUFGCTRL_X0Y16       BUFG (Prop_bufg_I_O)         0.026     0.878 r  clk_IBUF_BUFG_inst/O
                         net (fo=29, routed)          0.588     1.466    clk_IBUF_BUFG
    SLICE_X43Y93         FDCE                                         r  count_reg[0]/C
  -------------------------------------------------------------------    -------------------
    SLICE_X43Y93         FDCE (Prop_fdce_C_Q)         0.141     1.607 f  count_reg[0]/Q
                         net (fo=3, routed)           0.167     1.774    count[0]
    SLICE_X43Y93         LUT4 (Prop_lut4_I3_O)        0.045     1.819 r  count[0]_i_1/O
                         net (fo=1, routed)           0.000     1.819    p_0_in[0]
    SLICE_X43Y93         FDCE                                         r  count_reg[0]/D
  -------------------------------------------------------------------    -------------------

                         (clock sys_clk_pin rise edge)
                                                      0.000     0.000 r  
    H16                                               0.000     0.000 r  clk (IN)
                         net (fo=0)                   0.000     0.000    clk
    H16                  IBUF (Prop_ibuf_I_O)         0.413     0.413 r  clk_IBUF_inst/O
                         net (fo=1, routed)           0.683     1.096    clk_IBUF
    BUFGCTRL_X0Y16       BUFG (Prop_bufg_I_O)         0.029     1.125 r  clk_IBUF_BUFG_inst/O
                         net (fo=29, routed)          0.858     1.983    clk_IBUF_BUFG
    SLICE_X43Y93         FDCE                                         r  count_reg[0]/C
                         clock pessimism             -0.517     1.466    
    SLICE_X43Y93         FDCE (Hold_fdce_C_D)         0.091     1.557    count_reg[0]
  -------------------------------------------------------------------
                         required time                         -1.557    
                         arrival time                           1.819    
  -------------------------------------------------------------------
                         slack                                  0.262    

Slack (MET) :             0.328ns  (arrival time - required time)
  Source:                 led_value_reg/C
                            (rising edge-triggered cell FDCE clocked by sys_clk_pin  {rise@0.000ns fall@4.000ns period=8.000ns})
  Destination:            led_value_reg/D
                            (rising edge-triggered cell FDCE clocked by sys_clk_pin  {rise@0.000ns fall@4.000ns period=8.000ns})
  Path Group:             sys_clk_pin
  Path Type:              Hold (Min at Fast Process Corner)
  Requirement:            0.000ns  (sys_clk_pin rise@0.000ns - sys_clk_pin rise@0.000ns)
  Data Path Delay:        0.420ns  (logic 0.186ns (44.236%)  route 0.234ns (55.764%))
  Logic Levels:           1  (LUT4=1)
  Clock Path Skew:        0.000ns (DCD - SCD - CPR)
    Destination Clock Delay (DCD):    1.984ns
    Source Clock Delay      (SCD):    1.467ns
    Clock Pessimism Removal (CPR):    0.517ns

    Location             Delay type                Incr(ns)  Path(ns)    Netlist Resource(s)
  -------------------------------------------------------------------    -------------------
                         (clock sys_clk_pin rise edge)
                                                      0.000     0.000 r  
    H16                                               0.000     0.000 r  clk (IN)
                         net (fo=0)                   0.000     0.000    clk
    H16                  IBUF (Prop_ibuf_I_O)         0.225     0.225 r  clk_IBUF_inst/O
                         net (fo=1, routed)           0.627     0.852    clk_IBUF
    BUFGCTRL_X0Y16       BUFG (Prop_bufg_I_O)         0.026     0.878 r  clk_IBUF_BUFG_inst/O
                         net (fo=29, routed)          0.589     1.467    clk_IBUF_BUFG
    SLICE_X43Y97         FDCE                                         r  led_value_reg/C
  -------------------------------------------------------------------    -------------------
    SLICE_X43Y97         FDCE (Prop_fdce_C_Q)         0.141     1.608 r  led_value_reg/Q
                         net (fo=2, routed)           0.234     1.843    led1_b_OBUF
    SLICE_X43Y97         LUT4 (Prop_lut4_I3_O)        0.045     1.888 r  led_value_i_1/O
                         net (fo=1, routed)           0.000     1.888    led_value_i_1_n_0
    SLICE_X43Y97         FDCE                                         r  led_value_reg/D
  -------------------------------------------------------------------    -------------------

                         (clock sys_clk_pin rise edge)
                                                      0.000     0.000 r  
    H16                                               0.000     0.000 r  clk (IN)
                         net (fo=0)                   0.000     0.000    clk
    H16                  IBUF (Prop_ibuf_I_O)         0.413     0.413 r  clk_IBUF_inst/O
                         net (fo=1, routed)           0.683     1.096    clk_IBUF
    BUFGCTRL_X0Y16       BUFG (Prop_bufg_I_O)         0.029     1.125 r  clk_IBUF_BUFG_inst/O
                         net (fo=29, routed)          0.859     1.984    clk_IBUF_BUFG
    SLICE_X43Y97         FDCE                                         r  led_value_reg/C
                         clock pessimism             -0.517     1.467    
    SLICE_X43Y97         FDCE (Hold_fdce_C_D)         0.092     1.559    led_value_reg
  -------------------------------------------------------------------
                         required time                         -1.559    
                         arrival time                           1.888    
  -------------------------------------------------------------------
                         slack                                  0.328    

Slack (MET) :             0.442ns  (arrival time - required time)
  Source:                 count_reg[0]/C
                            (rising edge-triggered cell FDCE clocked by sys_clk_pin  {rise@0.000ns fall@4.000ns period=8.000ns})
  Destination:            count_reg[8]/D
                            (rising edge-triggered cell FDCE clocked by sys_clk_pin  {rise@0.000ns fall@4.000ns period=8.000ns})
  Path Group:             sys_clk_pin
  Path Type:              Hold (Min at Fast Process Corner)
  Requirement:            0.000ns  (sys_clk_pin rise@0.000ns - sys_clk_pin rise@0.000ns)
  Data Path Delay:        0.565ns  (logic 0.231ns (40.884%)  route 0.334ns (59.116%))
  Logic Levels:           2  (LUT4=1 LUT6=1)
  Clock Path Skew:        0.016ns (DCD - SCD - CPR)
    Destination Clock Delay (DCD):    1.983ns
    Source Clock Delay      (SCD):    1.466ns
    Clock Pessimism Removal (CPR):    0.501ns

    Location             Delay type                Incr(ns)  Path(ns)    Netlist Resource(s)
  -------------------------------------------------------------------    -------------------
                         (clock sys_clk_pin rise edge)
                                                      0.000     0.000 r  
    H16                                               0.000     0.000 r  clk (IN)
                         net (fo=0)                   0.000     0.000    clk
    H16                  IBUF (Prop_ibuf_I_O)         0.225     0.225 r  clk_IBUF_inst/O
                         net (fo=1, routed)           0.627     0.852    clk_IBUF
    BUFGCTRL_X0Y16       BUFG (Prop_bufg_I_O)         0.026     0.878 r  clk_IBUF_BUFG_inst/O
                         net (fo=29, routed)          0.588     1.466    clk_IBUF_BUFG
    SLICE_X43Y93         FDCE                                         r  count_reg[0]/C
  -------------------------------------------------------------------    -------------------
    SLICE_X43Y93         FDCE (Prop_fdce_C_Q)         0.141     1.607 f  count_reg[0]/Q
                         net (fo=3, routed)           0.132     1.739    count[0]
    SLICE_X43Y93         LUT6 (Prop_lut6_I2_O)        0.045     1.784 f  count[27]_i_3/O
                         net (fo=29, routed)          0.202     1.986    count[27]_i_3_n_0
    SLICE_X43Y94         LUT4 (Prop_lut4_I2_O)        0.045     2.031 r  count[8]_i_1/O
                         net (fo=1, routed)           0.000     2.031    p_0_in[8]
    SLICE_X43Y94         FDCE                                         r  count_reg[8]/D
  -------------------------------------------------------------------    -------------------

                         (clock sys_clk_pin rise edge)
                                                      0.000     0.000 r  
    H16                                               0.000     0.000 r  clk (IN)
                         net (fo=0)                   0.000     0.000    clk
    H16                  IBUF (Prop_ibuf_I_O)         0.413     0.413 r  clk_IBUF_inst/O
                         net (fo=1, routed)           0.683     1.096    clk_IBUF
    BUFGCTRL_X0Y16       BUFG (Prop_bufg_I_O)         0.029     1.125 r  clk_IBUF_BUFG_inst/O
                         net (fo=29, routed)          0.858     1.983    clk_IBUF_BUFG
    SLICE_X43Y94         FDCE                                         r  count_reg[8]/C
                         clock pessimism             -0.501     1.482    
    SLICE_X43Y94         FDCE (Hold_fdce_C_D)         0.107     1.589    count_reg[8]
  -------------------------------------------------------------------
                         required time                         -1.589    
                         arrival time                           2.031    
  -------------------------------------------------------------------
                         slack                                  0.442    

Slack (MET) :             0.455ns  (arrival time - required time)
  Source:                 count_reg[0]/C
                            (rising edge-triggered cell FDCE clocked by sys_clk_pin  {rise@0.000ns fall@4.000ns period=8.000ns})
  Destination:            count_reg[1]/D
                            (rising edge-triggered cell FDCE clocked by sys_clk_pin  {rise@0.000ns fall@4.000ns period=8.000ns})
  Path Group:             sys_clk_pin
  Path Type:              Hold (Min at Fast Process Corner)
  Requirement:            0.000ns  (sys_clk_pin rise@0.000ns - sys_clk_pin rise@0.000ns)
  Data Path Delay:        0.562ns  (logic 0.234ns (41.634%)  route 0.328ns (58.366%))
  Logic Levels:           2  (LUT4=1 LUT6=1)
  Clock Path Skew:        0.000ns (DCD - SCD - CPR)
    Destination Clock Delay (DCD):    1.983ns
    Source Clock Delay      (SCD):    1.466ns
    Clock Pessimism Removal (CPR):    0.517ns

    Location             Delay type                Incr(ns)  Path(ns)    Netlist Resource(s)
  -------------------------------------------------------------------    -------------------
                         (clock sys_clk_pin rise edge)
                                                      0.000     0.000 r  
    H16                                               0.000     0.000 r  clk (IN)
                         net (fo=0)                   0.000     0.000    clk
    H16                  IBUF (Prop_ibuf_I_O)         0.225     0.225 r  clk_IBUF_inst/O
                         net (fo=1, routed)           0.627     0.852    clk_IBUF
    BUFGCTRL_X0Y16       BUFG (Prop_bufg_I_O)         0.026     0.878 r  clk_IBUF_BUFG_inst/O
                         net (fo=29, routed)          0.588     1.466    clk_IBUF_BUFG
    SLICE_X43Y93         FDCE                                         r  count_reg[0]/C
  -------------------------------------------------------------------    -------------------
    SLICE_X43Y93         FDCE (Prop_fdce_C_Q)         0.141     1.607 f  count_reg[0]/Q
                         net (fo=3, routed)           0.132     1.739    count[0]
    SLICE_X43Y93         LUT6 (Prop_lut6_I2_O)        0.045     1.784 f  count[27]_i_3/O
                         net (fo=29, routed)          0.196     1.980    count[27]_i_3_n_0
    SLICE_X43Y93         LUT4 (Prop_lut4_I2_O)        0.048     2.028 r  count[1]_i_1/O
                         net (fo=1, routed)           0.000     2.028    p_0_in[1]
    SLICE_X43Y93         FDCE                                         r  count_reg[1]/D
  -------------------------------------------------------------------    -------------------

                         (clock sys_clk_pin rise edge)
                                                      0.000     0.000 r  
    H16                                               0.000     0.000 r  clk (IN)
                         net (fo=0)                   0.000     0.000    clk
    H16                  IBUF (Prop_ibuf_I_O)         0.413     0.413 r  clk_IBUF_inst/O
                         net (fo=1, routed)           0.683     1.096    clk_IBUF
    BUFGCTRL_X0Y16       BUFG (Prop_bufg_I_O)         0.029     1.125 r  clk_IBUF_BUFG_inst/O
                         net (fo=29, routed)          0.858     1.983    clk_IBUF_BUFG
    SLICE_X43Y93         FDCE                                         r  count_reg[1]/C
                         clock pessimism             -0.517     1.466    
    SLICE_X43Y93         FDCE (Hold_fdce_C_D)         0.107     1.573    count_reg[1]
  -------------------------------------------------------------------
                         required time                         -1.573    
                         arrival time                           2.028    
  -------------------------------------------------------------------
                         slack                                  0.455    

Slack (MET) :             0.457ns  (arrival time - required time)
  Source:                 count_reg[0]/C
                            (rising edge-triggered cell FDCE clocked by sys_clk_pin  {rise@0.000ns fall@4.000ns period=8.000ns})
  Destination:            count_reg[7]/D
                            (rising edge-triggered cell FDCE clocked by sys_clk_pin  {rise@0.000ns fall@4.000ns period=8.000ns})
  Path Group:             sys_clk_pin
  Path Type:              Hold (Min at Fast Process Corner)
  Requirement:            0.000ns  (sys_clk_pin rise@0.000ns - sys_clk_pin rise@0.000ns)
  Data Path Delay:        0.565ns  (logic 0.231ns (40.884%)  route 0.334ns (59.116%))
  Logic Levels:           2  (LUT4=1 LUT6=1)
  Clock Path Skew:        0.016ns (DCD - SCD - CPR)
    Destination Clock Delay (DCD):    1.983ns
    Source Clock Delay      (SCD):    1.466ns
    Clock Pessimism Removal (CPR):    0.501ns

    Location             Delay type                Incr(ns)  Path(ns)    Netlist Resource(s)
  -------------------------------------------------------------------    -------------------
                         (clock sys_clk_pin rise edge)
                                                      0.000     0.000 r  
    H16                                               0.000     0.000 r  clk (IN)
                         net (fo=0)                   0.000     0.000    clk
    H16                  IBUF (Prop_ibuf_I_O)         0.225     0.225 r  clk_IBUF_inst/O
                         net (fo=1, routed)           0.627     0.852    clk_IBUF
    BUFGCTRL_X0Y16       BUFG (Prop_bufg_I_O)         0.026     0.878 r  clk_IBUF_BUFG_inst/O
                         net (fo=29, routed)          0.588     1.466    clk_IBUF_BUFG
    SLICE_X43Y93         FDCE                                         r  count_reg[0]/C
  -------------------------------------------------------------------    -------------------
    SLICE_X43Y93         FDCE (Prop_fdce_C_Q)         0.141     1.607 f  count_reg[0]/Q
                         net (fo=3, routed)           0.132     1.739    count[0]
    SLICE_X43Y93         LUT6 (Prop_lut6_I2_O)        0.045     1.784 f  count[27]_i_3/O
                         net (fo=29, routed)          0.202     1.986    count[27]_i_3_n_0
    SLICE_X43Y94         LUT4 (Prop_lut4_I2_O)        0.045     2.031 r  count[7]_i_1/O
                         net (fo=1, routed)           0.000     2.031    p_0_in[7]
    SLICE_X43Y94         FDCE                                         r  count_reg[7]/D
  -------------------------------------------------------------------    -------------------

                         (clock sys_clk_pin rise edge)
                                                      0.000     0.000 r  
    H16                                               0.000     0.000 r  clk (IN)
                         net (fo=0)                   0.000     0.000    clk
    H16                  IBUF (Prop_ibuf_I_O)         0.413     0.413 r  clk_IBUF_inst/O
                         net (fo=1, routed)           0.683     1.096    clk_IBUF
    BUFGCTRL_X0Y16       BUFG (Prop_bufg_I_O)         0.029     1.125 r  clk_IBUF_BUFG_inst/O
                         net (fo=29, routed)          0.858     1.983    clk_IBUF_BUFG
    SLICE_X43Y94         FDCE                                         r  count_reg[7]/C
                         clock pessimism             -0.501     1.482    
    SLICE_X43Y94         FDCE (Hold_fdce_C_D)         0.092     1.574    count_reg[7]
  -------------------------------------------------------------------
                         required time                         -1.574    
                         arrival time                           2.031    
  -------------------------------------------------------------------
                         slack                                  0.457    

Slack (MET) :             0.457ns  (arrival time - required time)
  Source:                 count_reg[0]/C
                            (rising edge-triggered cell FDCE clocked by sys_clk_pin  {rise@0.000ns fall@4.000ns period=8.000ns})
  Destination:            count_reg[3]/D
                            (rising edge-triggered cell FDCE clocked by sys_clk_pin  {rise@0.000ns fall@4.000ns period=8.000ns})
  Path Group:             sys_clk_pin
  Path Type:              Hold (Min at Fast Process Corner)
  Requirement:            0.000ns  (sys_clk_pin rise@0.000ns - sys_clk_pin rise@0.000ns)
  Data Path Delay:        0.564ns  (logic 0.235ns (41.664%)  route 0.329ns (58.336%))
  Logic Levels:           2  (LUT4=1 LUT6=1)
  Clock Path Skew:        0.000ns (DCD - SCD - CPR)
    Destination Clock Delay (DCD):    1.983ns
    Source Clock Delay      (SCD):    1.466ns
    Clock Pessimism Removal (CPR):    0.517ns

    Location             Delay type                Incr(ns)  Path(ns)    Netlist Resource(s)
  -------------------------------------------------------------------    -------------------
                         (clock sys_clk_pin rise edge)
                                                      0.000     0.000 r  
    H16                                               0.000     0.000 r  clk (IN)
                         net (fo=0)                   0.000     0.000    clk
    H16                  IBUF (Prop_ibuf_I_O)         0.225     0.225 r  clk_IBUF_inst/O
                         net (fo=1, routed)           0.627     0.852    clk_IBUF
    BUFGCTRL_X0Y16       BUFG (Prop_bufg_I_O)         0.026     0.878 r  clk_IBUF_BUFG_inst/O
                         net (fo=29, routed)          0.588     1.466    clk_IBUF_BUFG
    SLICE_X43Y93         FDCE                                         r  count_reg[0]/C
  -------------------------------------------------------------------    -------------------
    SLICE_X43Y93         FDCE (Prop_fdce_C_Q)         0.141     1.607 f  count_reg[0]/Q
                         net (fo=3, routed)           0.132     1.739    count[0]
    SLICE_X43Y93         LUT6 (Prop_lut6_I2_O)        0.045     1.784 f  count[27]_i_3/O
                         net (fo=29, routed)          0.197     1.981    count[27]_i_3_n_0
    SLICE_X43Y93         LUT4 (Prop_lut4_I2_O)        0.049     2.030 r  count[3]_i_1/O
                         net (fo=1, routed)           0.000     2.030    p_0_in[3]
    SLICE_X43Y93         FDCE                                         r  count_reg[3]/D
  -------------------------------------------------------------------    -------------------

                         (clock sys_clk_pin rise edge)
                                                      0.000     0.000 r  
    H16                                               0.000     0.000 r  clk (IN)
                         net (fo=0)                   0.000     0.000    clk
    H16                  IBUF (Prop_ibuf_I_O)         0.413     0.413 r  clk_IBUF_inst/O
                         net (fo=1, routed)           0.683     1.096    clk_IBUF
    BUFGCTRL_X0Y16       BUFG (Prop_bufg_I_O)         0.029     1.125 r  clk_IBUF_BUFG_inst/O
                         net (fo=29, routed)          0.858     1.983    clk_IBUF_BUFG
    SLICE_X43Y93         FDCE                                         r  count_reg[3]/C
                         clock pessimism             -0.517     1.466    
    SLICE_X43Y93         FDCE (Hold_fdce_C_D)         0.107     1.573    count_reg[3]
  -------------------------------------------------------------------
                         required time                         -1.573    
                         arrival time                           2.030    
  -------------------------------------------------------------------
                         slack                                  0.457    

Slack (MET) :             0.468ns  (arrival time - required time)
  Source:                 count_reg[0]/C
                            (rising edge-triggered cell FDCE clocked by sys_clk_pin  {rise@0.000ns fall@4.000ns period=8.000ns})
  Destination:            count_reg[2]/D
                            (rising edge-triggered cell FDCE clocked by sys_clk_pin  {rise@0.000ns fall@4.000ns period=8.000ns})
  Path Group:             sys_clk_pin
  Path Type:              Hold (Min at Fast Process Corner)
  Requirement:            0.000ns  (sys_clk_pin rise@0.000ns - sys_clk_pin rise@0.000ns)
  Data Path Delay:        0.560ns  (logic 0.231ns (41.247%)  route 0.329ns (58.753%))
  Logic Levels:           2  (LUT4=1 LUT6=1)
  Clock Path Skew:        0.000ns (DCD - SCD - CPR)
    Destination Clock Delay (DCD):    1.983ns
    Source Clock Delay      (SCD):    1.466ns
    Clock Pessimism Removal (CPR):    0.517ns

    Location             Delay type                Incr(ns)  Path(ns)    Netlist Resource(s)
  -------------------------------------------------------------------    -------------------
                         (clock sys_clk_pin rise edge)
                                                      0.000     0.000 r  
    H16                                               0.000     0.000 r  clk (IN)
                         net (fo=0)                   0.000     0.000    clk
    H16                  IBUF (Prop_ibuf_I_O)         0.225     0.225 r  clk_IBUF_inst/O
                         net (fo=1, routed)           0.627     0.852    clk_IBUF
    BUFGCTRL_X0Y16       BUFG (Prop_bufg_I_O)         0.026     0.878 r  clk_IBUF_BUFG_inst/O
                         net (fo=29, routed)          0.588     1.466    clk_IBUF_BUFG
    SLICE_X43Y93         FDCE                                         r  count_reg[0]/C
  -------------------------------------------------------------------    -------------------
    SLICE_X43Y93         FDCE (Prop_fdce_C_Q)         0.141     1.607 f  count_reg[0]/Q
                         net (fo=3, routed)           0.132     1.739    count[0]
    SLICE_X43Y93         LUT6 (Prop_lut6_I2_O)        0.045     1.784 f  count[27]_i_3/O
                         net (fo=29, routed)          0.197     1.981    count[27]_i_3_n_0
    SLICE_X43Y93         LUT4 (Prop_lut4_I2_O)        0.045     2.026 r  count[2]_i_1/O
                         net (fo=1, routed)           0.000     2.026    p_0_in[2]
    SLICE_X43Y93         FDCE                                         r  count_reg[2]/D
  -------------------------------------------------------------------    -------------------

                         (clock sys_clk_pin rise edge)
                                                      0.000     0.000 r  
    H16                                               0.000     0.000 r  clk (IN)
                         net (fo=0)                   0.000     0.000    clk
    H16                  IBUF (Prop_ibuf_I_O)         0.413     0.413 r  clk_IBUF_inst/O
                         net (fo=1, routed)           0.683     1.096    clk_IBUF
    BUFGCTRL_X0Y16       BUFG (Prop_bufg_I_O)         0.029     1.125 r  clk_IBUF_BUFG_inst/O
                         net (fo=29, routed)          0.858     1.983    clk_IBUF_BUFG
    SLICE_X43Y93         FDCE                                         r  count_reg[2]/C
                         clock pessimism             -0.517     1.466    
    SLICE_X43Y93         FDCE (Hold_fdce_C_D)         0.092     1.558    count_reg[2]
  -------------------------------------------------------------------
                         required time                         -1.558    
                         arrival time                           2.026    
  -------------------------------------------------------------------
                         slack                                  0.468    

Slack (MET) :             0.493ns  (arrival time - required time)
  Source:                 count_reg[11]/C
                            (rising edge-triggered cell FDCE clocked by sys_clk_pin  {rise@0.000ns fall@4.000ns period=8.000ns})
  Destination:            count_reg[11]/D
                            (rising edge-triggered cell FDCE clocked by sys_clk_pin  {rise@0.000ns fall@4.000ns period=8.000ns})
  Path Group:             sys_clk_pin
  Path Type:              Hold (Min at Fast Process Corner)
  Requirement:            0.000ns  (sys_clk_pin rise@0.000ns - sys_clk_pin rise@0.000ns)
  Data Path Delay:        0.585ns  (logic 0.359ns (61.340%)  route 0.226ns (38.660%))
  Logic Levels:           2  (CARRY4=1 LUT4=1)
  Clock Path Skew:        0.000ns (DCD - SCD - CPR)
    Destination Clock Delay (DCD):    1.983ns
    Source Clock Delay      (SCD):    1.466ns
    Clock Pessimism Removal (CPR):    0.517ns

    Location             Delay type                Incr(ns)  Path(ns)    Netlist Resource(s)
  -------------------------------------------------------------------    -------------------
                         (clock sys_clk_pin rise edge)
                                                      0.000     0.000 r  
    H16                                               0.000     0.000 r  clk (IN)
                         net (fo=0)                   0.000     0.000    clk
    H16                  IBUF (Prop_ibuf_I_O)         0.225     0.225 r  clk_IBUF_inst/O
                         net (fo=1, routed)           0.627     0.852    clk_IBUF
    BUFGCTRL_X0Y16       BUFG (Prop_bufg_I_O)         0.026     0.878 r  clk_IBUF_BUFG_inst/O
                         net (fo=29, routed)          0.588     1.466    clk_IBUF_BUFG
    SLICE_X43Y95         FDCE                                         r  count_reg[11]/C
  -------------------------------------------------------------------    -------------------
    SLICE_X43Y95         FDCE (Prop_fdce_C_Q)         0.141     1.607 r  count_reg[11]/Q
                         net (fo=2, routed)           0.065     1.672    count[11]
    SLICE_X42Y95         CARRY4 (Prop_carry4_S[2]_O[2])
                                                      0.110     1.782 r  count_reg[12]_i_2/O[2]
                         net (fo=1, routed)           0.161     1.943    plusOp[11]
    SLICE_X43Y95         LUT4 (Prop_lut4_I0_O)        0.108     2.051 r  count[11]_i_1/O
                         net (fo=1, routed)           0.000     2.051    p_0_in[11]
    SLICE_X43Y95         FDCE                                         r  count_reg[11]/D
  -------------------------------------------------------------------    -------------------

                         (clock sys_clk_pin rise edge)
                                                      0.000     0.000 r  
    H16                                               0.000     0.000 r  clk (IN)
                         net (fo=0)                   0.000     0.000    clk
    H16                  IBUF (Prop_ibuf_I_O)         0.413     0.413 r  clk_IBUF_inst/O
                         net (fo=1, routed)           0.683     1.096    clk_IBUF
    BUFGCTRL_X0Y16       BUFG (Prop_bufg_I_O)         0.029     1.125 r  clk_IBUF_BUFG_inst/O
                         net (fo=29, routed)          0.858     1.983    clk_IBUF_BUFG
    SLICE_X43Y95         FDCE                                         r  count_reg[11]/C
                         clock pessimism             -0.517     1.466    
    SLICE_X43Y95         FDCE (Hold_fdce_C_D)         0.092     1.558    count_reg[11]
  -------------------------------------------------------------------
                         required time                         -1.558    
                         arrival time                           2.051    
  -------------------------------------------------------------------
                         slack                                  0.493    

Slack (MET) :             0.493ns  (arrival time - required time)
  Source:                 count_reg[15]/C
                            (rising edge-triggered cell FDCE clocked by sys_clk_pin  {rise@0.000ns fall@4.000ns period=8.000ns})
  Destination:            count_reg[15]/D
                            (rising edge-triggered cell FDCE clocked by sys_clk_pin  {rise@0.000ns fall@4.000ns period=8.000ns})
  Path Group:             sys_clk_pin
  Path Type:              Hold (Min at Fast Process Corner)
  Requirement:            0.000ns  (sys_clk_pin rise@0.000ns - sys_clk_pin rise@0.000ns)
  Data Path Delay:        0.585ns  (logic 0.359ns (61.340%)  route 0.226ns (38.660%))
  Logic Levels:           2  (CARRY4=1 LUT4=1)
  Clock Path Skew:        0.000ns (DCD - SCD - CPR)
    Destination Clock Delay (DCD):    1.983ns
    Source Clock Delay      (SCD):    1.466ns
    Clock Pessimism Removal (CPR):    0.517ns

    Location             Delay type                Incr(ns)  Path(ns)    Netlist Resource(s)
  -------------------------------------------------------------------    -------------------
                         (clock sys_clk_pin rise edge)
                                                      0.000     0.000 r  
    H16                                               0.000     0.000 r  clk (IN)
                         net (fo=0)                   0.000     0.000    clk
    H16                  IBUF (Prop_ibuf_I_O)         0.225     0.225 r  clk_IBUF_inst/O
                         net (fo=1, routed)           0.627     0.852    clk_IBUF
    BUFGCTRL_X0Y16       BUFG (Prop_bufg_I_O)         0.026     0.878 r  clk_IBUF_BUFG_inst/O
                         net (fo=29, routed)          0.588     1.466    clk_IBUF_BUFG
    SLICE_X43Y96         FDCE                                         r  count_reg[15]/C
  -------------------------------------------------------------------    -------------------
    SLICE_X43Y96         FDCE (Prop_fdce_C_Q)         0.141     1.607 r  count_reg[15]/Q
                         net (fo=2, routed)           0.065     1.672    count[15]
    SLICE_X42Y96         CARRY4 (Prop_carry4_S[2]_O[2])
                                                      0.110     1.782 r  count_reg[16]_i_2/O[2]
                         net (fo=1, routed)           0.161     1.943    plusOp[15]
    SLICE_X43Y96         LUT4 (Prop_lut4_I0_O)        0.108     2.051 r  count[15]_i_1/O
                         net (fo=1, routed)           0.000     2.051    p_0_in[15]
    SLICE_X43Y96         FDCE                                         r  count_reg[15]/D
  -------------------------------------------------------------------    -------------------

                         (clock sys_clk_pin rise edge)
                                                      0.000     0.000 r  
    H16                                               0.000     0.000 r  clk (IN)
                         net (fo=0)                   0.000     0.000    clk
    H16                  IBUF (Prop_ibuf_I_O)         0.413     0.413 r  clk_IBUF_inst/O
                         net (fo=1, routed)           0.683     1.096    clk_IBUF
    BUFGCTRL_X0Y16       BUFG (Prop_bufg_I_O)         0.029     1.125 r  clk_IBUF_BUFG_inst/O
                         net (fo=29, routed)          0.858     1.983    clk_IBUF_BUFG
    SLICE_X43Y96         FDCE                                         r  count_reg[15]/C
                         clock pessimism             -0.517     1.466    
    SLICE_X43Y96         FDCE (Hold_fdce_C_D)         0.092     1.558    count_reg[15]
  -------------------------------------------------------------------
                         required time                         -1.558    
                         arrival time                           2.051    
  -------------------------------------------------------------------
                         slack                                  0.493    

Slack (MET) :             0.493ns  (arrival time - required time)
  Source:                 count_reg[23]/C
                            (rising edge-triggered cell FDCE clocked by sys_clk_pin  {rise@0.000ns fall@4.000ns period=8.000ns})
  Destination:            count_reg[23]/D
                            (rising edge-triggered cell FDCE clocked by sys_clk_pin  {rise@0.000ns fall@4.000ns period=8.000ns})
  Path Group:             sys_clk_pin
  Path Type:              Hold (Min at Fast Process Corner)
  Requirement:            0.000ns  (sys_clk_pin rise@0.000ns - sys_clk_pin rise@0.000ns)
  Data Path Delay:        0.585ns  (logic 0.359ns (61.340%)  route 0.226ns (38.660%))
  Logic Levels:           2  (CARRY4=1 LUT4=1)
  Clock Path Skew:        0.000ns (DCD - SCD - CPR)
    Destination Clock Delay (DCD):    1.984ns
    Source Clock Delay      (SCD):    1.467ns
    Clock Pessimism Removal (CPR):    0.517ns

    Location             Delay type                Incr(ns)  Path(ns)    Netlist Resource(s)
  -------------------------------------------------------------------    -------------------
                         (clock sys_clk_pin rise edge)
                                                      0.000     0.000 r  
    H16                                               0.000     0.000 r  clk (IN)
                         net (fo=0)                   0.000     0.000    clk
    H16                  IBUF (Prop_ibuf_I_O)         0.225     0.225 r  clk_IBUF_inst/O
                         net (fo=1, routed)           0.627     0.852    clk_IBUF
    BUFGCTRL_X0Y16       BUFG (Prop_bufg_I_O)         0.026     0.878 r  clk_IBUF_BUFG_inst/O
                         net (fo=29, routed)          0.589     1.467    clk_IBUF_BUFG
    SLICE_X43Y98         FDCE                                         r  count_reg[23]/C
  -------------------------------------------------------------------    -------------------
    SLICE_X43Y98         FDCE (Prop_fdce_C_Q)         0.141     1.608 r  count_reg[23]/Q
                         net (fo=2, routed)           0.065     1.673    count[23]
    SLICE_X42Y98         CARRY4 (Prop_carry4_S[2]_O[2])
                                                      0.110     1.783 r  count_reg[24]_i_2/O[2]
                         net (fo=1, routed)           0.161     1.944    plusOp[23]
    SLICE_X43Y98         LUT4 (Prop_lut4_I0_O)        0.108     2.052 r  count[23]_i_1/O
                         net (fo=1, routed)           0.000     2.052    p_0_in[23]
    SLICE_X43Y98         FDCE                                         r  count_reg[23]/D
  -------------------------------------------------------------------    -------------------

                         (clock sys_clk_pin rise edge)
                                                      0.000     0.000 r  
    H16                                               0.000     0.000 r  clk (IN)
                         net (fo=0)                   0.000     0.000    clk
    H16                  IBUF (Prop_ibuf_I_O)         0.413     0.413 r  clk_IBUF_inst/O
                         net (fo=1, routed)           0.683     1.096    clk_IBUF
    BUFGCTRL_X0Y16       BUFG (Prop_bufg_I_O)         0.029     1.125 r  clk_IBUF_BUFG_inst/O
                         net (fo=29, routed)          0.859     1.984    clk_IBUF_BUFG
    SLICE_X43Y98         FDCE                                         r  count_reg[23]/C
                         clock pessimism             -0.517     1.467    
    SLICE_X43Y98         FDCE (Hold_fdce_C_D)         0.092     1.559    count_reg[23]
  -------------------------------------------------------------------
                         required time                         -1.559    
                         arrival time                           2.052    
  -------------------------------------------------------------------
                         slack                                  0.493    





Pulse Width Checks
--------------------------------------------------------------------------------------
Clock Name:         sys_clk_pin
Waveform(ns):       { 0.000 4.000 }
Period(ns):         8.000
Sources:            { clk }

Check Type        Corner  Lib Pin  Reference Pin  Required(ns)  Actual(ns)  Slack(ns)  Location        Pin
Min Period        n/a     BUFG/I   n/a            2.155         8.000       5.845      BUFGCTRL_X0Y16  clk_IBUF_BUFG_inst/I
Min Period        n/a     FDCE/C   n/a            1.000         8.000       7.000      SLICE_X43Y93    count_reg[0]/C
Min Period        n/a     FDCE/C   n/a            1.000         8.000       7.000      SLICE_X43Y95    count_reg[10]/C
Min Period        n/a     FDCE/C   n/a            1.000         8.000       7.000      SLICE_X43Y95    count_reg[11]/C
Min Period        n/a     FDCE/C   n/a            1.000         8.000       7.000      SLICE_X43Y95    count_reg[12]/C
Min Period        n/a     FDCE/C   n/a            1.000         8.000       7.000      SLICE_X43Y95    count_reg[13]/C
Min Period        n/a     FDCE/C   n/a            1.000         8.000       7.000      SLICE_X43Y96    count_reg[14]/C
Min Period        n/a     FDCE/C   n/a            1.000         8.000       7.000      SLICE_X43Y96    count_reg[15]/C
Min Period        n/a     FDCE/C   n/a            1.000         8.000       7.000      SLICE_X43Y96    count_reg[16]/C
Min Period        n/a     FDCE/C   n/a            1.000         8.000       7.000      SLICE_X43Y96    count_reg[17]/C
Low Pulse Width   Slow    FDCE/C   n/a            0.500         4.000       3.500      SLICE_X43Y93    count_reg[0]/C
Low Pulse Width   Slow    FDCE/C   n/a            0.500         4.000       3.500      SLICE_X43Y95    count_reg[10]/C
Low Pulse Width   Slow    FDCE/C   n/a            0.500         4.000       3.500      SLICE_X43Y95    count_reg[11]/C
Low Pulse Width   Slow    FDCE/C   n/a            0.500         4.000       3.500      SLICE_X43Y95    count_reg[12]/C
Low Pulse Width   Slow    FDCE/C   n/a            0.500         4.000       3.500      SLICE_X43Y95    count_reg[13]/C
Low Pulse Width   Slow    FDCE/C   n/a            0.500         4.000       3.500      SLICE_X43Y96    count_reg[14]/C
Low Pulse Width   Slow    FDCE/C   n/a            0.500         4.000       3.500      SLICE_X43Y96    count_reg[15]/C
Low Pulse Width   Slow    FDCE/C   n/a            0.500         4.000       3.500      SLICE_X43Y96    count_reg[16]/C
Low Pulse Width   Slow    FDCE/C   n/a            0.500         4.000       3.500      SLICE_X43Y96    count_reg[17]/C
Low Pulse Width   Slow    FDCE/C   n/a            0.500         4.000       3.500      SLICE_X43Y97    count_reg[18]/C
High Pulse Width  Fast    FDCE/C   n/a            0.500         4.000       3.500      SLICE_X43Y93    count_reg[0]/C
High Pulse Width  Fast    FDCE/C   n/a            0.500         4.000       3.500      SLICE_X43Y95    count_reg[10]/C
High Pulse Width  Fast    FDCE/C   n/a            0.500         4.000       3.500      SLICE_X43Y95    count_reg[11]/C
High Pulse Width  Fast    FDCE/C   n/a            0.500         4.000       3.500      SLICE_X43Y95    count_reg[12]/C
High Pulse Width  Fast    FDCE/C   n/a            0.500         4.000       3.500      SLICE_X43Y95    count_reg[13]/C
High Pulse Width  Fast    FDCE/C   n/a            0.500         4.000       3.500      SLICE_X43Y96    count_reg[14]/C
High Pulse Width  Fast    FDCE/C   n/a            0.500         4.000       3.500      SLICE_X43Y96    count_reg[15]/C
High Pulse Width  Fast    FDCE/C   n/a            0.500         4.000       3.500      SLICE_X43Y96    count_reg[16]/C
High Pulse Width  Fast    FDCE/C   n/a            0.500         4.000       3.500      SLICE_X43Y96    count_reg[17]/C
High Pulse Width  Fast    FDCE/C   n/a            0.500         4.000       3.500      SLICE_X43Y97    count_reg[18]/C



